../Core/Src/main.c:3952:6:oled_show	0	static
../Core/Src/main.c:278:6:SystemClock_Config	88	static,ignoring_inline_asm
../Core/Src/main.c:183:5:main	112	static,ignoring_inline_asm
../Core/Src/main.c:733:6:HAL_UART_RxCpltCallback	56	static
../Core/Src/main.c:765:6:delay	0	static
../Core/Src/main.c:771:6:HCSR04_Read	8	static
../Core/Src/main.c:4050:6:servoMotor	8	static
../Core/Src/main.c:782:6:HAL_TIM_IC_CaptureCallback	16	static
../Core/Src/main.c:2212:6:sendToRPI	16	static
../Core/Src/main.c:2219:6:moveGyroPID	144	static
../Core/Src/main.c:2493:6:moveGyroPIDOld	176	static
../Core/Src/main.c:2746:6:move	184	static
../Core/Src/main.c:1480:6:moveUltra	136	static
../Core/Src/main.c:1662:6:moveUltraEnd	136	static
../Core/Src/main.c:1845:6:moveUltraEndLeft	136	static
../Core/Src/main.c:965:6:task2A2	152	static
../Core/Src/main.c:1224:6:task2A2L	152	static
../Core/Src/main.c:2028:6:moveUltraExtreme	112	static
../Core/Src/main.c:821:6:task2A	160	static
../Core/Src/main.c:2954:6:bLeft90	64	static
../Core/Src/main.c:3034:6:bRight90	64	static
../Core/Src/main.c:3106:6:left90	64	static
../Core/Src/main.c:3184:6:right90	64	static
../Core/Src/main.c:3266:6:turn	80	static
../Core/Src/main.c:3539:6:spotTurn	80	static
../Core/Src/main.c:3795:6:StartDefaultTask	40	static
../Core/Src/main.c:3740:6:readByte	24	static
../Core/Src/main.c:3747:6:writeByte	16	static
../Core/Src/main.c:3753:6:gyroStart	8	static
../Core/Src/main.c:3762:6:gyroInit	8	static
../Core/Src/main.c:3972:6:gyro_read	48	static
../Core/Src/main.c:4079:6:Error_Handler	0	static,ignoring_inline_asm
