../Core/Src/main.c:179:5:main	8	static
../Core/Src/main.c:274:6:SystemClock_Config	88	static
../Core/Src/main.c:316:13:MX_I2C1_Init	8	static
../Core/Src/main.c:350:13:MX_TIM1_Init	96	static
../Core/Src/main.c:424:13:MX_TIM2_Init	56	static
../Core/Src/main.c:473:13:MX_TIM3_Init	32	static
../Core/Src/main.c:521:13:MX_TIM4_Init	56	static
../Core/Src/main.c:570:13:MX_TIM8_Init	96	static
../Core/Src/main.c:648:13:MX_USART3_UART_Init	8	static
../Core/Src/main.c:681:13:MX_GPIO_Init	48	static
../Core/Src/main.c:729:6:HAL_UART_RxCpltCallback	56	static
../Core/Src/main.c:761:6:delay	16	static
../Core/Src/main.c:767:6:HCSR04_Read	8	static
../Core/Src/main.c:778:6:HAL_TIM_IC_CaptureCallback	16	static
../Core/Src/main.c:817:6:task2A	136	static
../Core/Src/main.c:961:6:task2A2	136	static
../Core/Src/main.c:1220:6:task2A2L	136	static
../Core/Src/main.c:1476:6:moveUltra	192	static
../Core/Src/main.c:1658:6:moveUltraEnd	192	static
../Core/Src/main.c:1841:6:moveUltraEndLeft	192	static
../Core/Src/main.c:2024:6:moveUltraExtreme	192	static
../Core/Src/main.c:2208:6:sendToRPI	16	static
../Core/Src/main.c:2215:6:moveGyroPID	208	static
../Core/Src/main.c:2487:6:moveGyroPIDOld	208	static
../Core/Src/main.c:2740:6:move	200	static
../Core/Src/main.c:2948:6:bLeft90	32	static
../Core/Src/main.c:3028:6:bRight90	32	static
../Core/Src/main.c:3100:6:left90	32	static
../Core/Src/main.c:3178:6:right90	32	static
../Core/Src/main.c:3260:6:turn	56	static
../Core/Src/main.c:3533:6:spotTurn	56	static
../Core/Src/main.c:3734:6:readByte	24	static
../Core/Src/main.c:3741:6:writeByte	24	static
../Core/Src/main.c:3747:6:gyroStart	8	static
../Core/Src/main.c:3756:6:gyroInit	8	static
../Core/Src/main.c:3789:6:StartDefaultTask	64	static
../Core/Src/main.c:3941:6:oled_show	16	static
../Core/Src/main.c:3961:6:gyro_read	80	static
../Core/Src/main.c:4039:6:servoMotor	40	static
../Core/Src/main.c:4068:6:Error_Handler	4	static,ignoring_inline_asm
