../Core/Src/main.c:168:5:main	8	static
../Core/Src/main.c:262:6:SystemClock_Config	88	static
../Core/Src/main.c:301:13:MX_I2C1_Init	8	static
../Core/Src/main.c:333:13:MX_TIM1_Init	96	static
../Core/Src/main.c:403:13:MX_TIM2_Init	56	static
../Core/Src/main.c:450:13:MX_TIM3_Init	32	static
../Core/Src/main.c:495:13:MX_TIM4_Init	56	static
../Core/Src/main.c:542:13:MX_TIM8_Init	96	static
../Core/Src/main.c:616:13:MX_USART3_UART_Init	8	static
../Core/Src/main.c:647:13:MX_GPIO_Init	48	static
../Core/Src/main.c:696:6:HAL_UART_RxCpltCallback	56	static
../Core/Src/main.c:722:6:delay	16	static
../Core/Src/main.c:728:6:HCSR04_Read	8	static
../Core/Src/main.c:740:6:HAL_TIM_IC_CaptureCallback	16	static
../Core/Src/main.c:777:6:task2A	136	static
../Core/Src/main.c:905:6:task2A2	136	static
../Core/Src/main.c:1138:6:task2A2L	136	static
../Core/Src/main.c:1366:6:secObstL	8	static
../Core/Src/main.c:1419:6:secObstR	32	static
../Core/Src/main.c:1468:6:moveUltra	192	static
../Core/Src/main.c:1668:6:parkingMoveUltra	192	static
../Core/Src/main.c:1853:6:tooClose	192	static
../Core/Src/main.c:2059:6:moveUltraEnd	192	static
../Core/Src/main.c:2231:6:moveUltraEndLeft	192	static
../Core/Src/main.c:2404:6:moveUltraExtreme	192	static
../Core/Src/main.c:2578:6:sendToRPI	16	static
../Core/Src/main.c:2584:6:moveGyroPID	216	static
../Core/Src/main.c:2905:6:moveGyroPIDOld	208	static
../Core/Src/main.c:3137:6:move	200	static
../Core/Src/main.c:3341:6:bLeft90	32	static
../Core/Src/main.c:3416:6:bRight90	32	static
../Core/Src/main.c:3489:6:left90	32	static
../Core/Src/main.c:3565:6:goRoundObsticleL	32	static
../Core/Src/main.c:3701:6:goRoundObsticleR	32	static
../Core/Src/main.c:3836:6:right90	32	static
../Core/Src/main.c:3905:6:turn	56	static
../Core/Src/main.c:4159:6:spotTurn	56	static
../Core/Src/main.c:4344:6:readByte	24	static
../Core/Src/main.c:4351:6:writeByte	24	static
../Core/Src/main.c:4357:6:gyroStart	8	static
../Core/Src/main.c:4365:6:gyroInit	8	static
../Core/Src/main.c:4397:6:StartDefaultTask	72	static
../Core/Src/main.c:4561:6:oled_show	16	static
../Core/Src/main.c:4578:6:gyro_read	80	static
../Core/Src/main.c:4649:6:servoMotor	40	static
../Core/Src/main.c:4676:6:Error_Handler	4	static,ignoring_inline_asm
