../Core/Src/main.c:182:5:main	8	static
../Core/Src/main.c:277:6:SystemClock_Config	88	static
../Core/Src/main.c:319:13:MX_I2C1_Init	8	static
../Core/Src/main.c:353:13:MX_TIM1_Init	96	static
../Core/Src/main.c:427:13:MX_TIM2_Init	56	static
../Core/Src/main.c:476:13:MX_TIM3_Init	32	static
../Core/Src/main.c:524:13:MX_TIM4_Init	56	static
../Core/Src/main.c:573:13:MX_TIM8_Init	96	static
../Core/Src/main.c:651:13:MX_USART3_UART_Init	8	static
../Core/Src/main.c:684:13:MX_GPIO_Init	48	static
../Core/Src/main.c:732:6:HAL_UART_RxCpltCallback	56	static
../Core/Src/main.c:764:6:delay	16	static
../Core/Src/main.c:770:6:HCSR04_Read	8	static
../Core/Src/main.c:781:6:HAL_TIM_IC_CaptureCallback	16	static
../Core/Src/main.c:820:6:task2A	136	static
../Core/Src/main.c:964:6:task2A2	136	static
../Core/Src/main.c:1223:6:task2A2L	136	static
../Core/Src/main.c:1479:6:moveUltra	192	static
../Core/Src/main.c:1661:6:moveUltraEnd	192	static
../Core/Src/main.c:1844:6:moveUltraEndLeft	192	static
../Core/Src/main.c:2027:6:moveUltraExtreme	192	static
../Core/Src/main.c:2211:6:sendToRPI	16	static
../Core/Src/main.c:2218:6:moveGyroPID	208	static
../Core/Src/main.c:2492:6:moveGyroPIDOld	208	static
../Core/Src/main.c:2754:6:move	208	static
../Core/Src/main.c:2956:6:bLeft90	32	static
../Core/Src/main.c:3036:6:bRight90	32	static
../Core/Src/main.c:3108:6:left90	32	static
../Core/Src/main.c:3188:6:right90	32	static
../Core/Src/main.c:3270:6:turn	56	static
../Core/Src/main.c:3543:6:spotTurn	56	static
../Core/Src/main.c:3744:6:readByte	24	static
../Core/Src/main.c:3751:6:writeByte	24	static
../Core/Src/main.c:3757:6:gyroStart	8	static
../Core/Src/main.c:3766:6:gyroInit	8	static
../Core/Src/main.c:3799:6:StartDefaultTask	72	static
../Core/Src/main.c:3965:6:oled_show	16	static
../Core/Src/main.c:3985:6:gyro_read	80	static
../Core/Src/main.c:4063:6:servoMotor	40	static
../Core/Src/main.c:4092:6:Error_Handler	4	static,ignoring_inline_asm
