../Core/Src/main.c:166:5:main	8	static
../Core/Src/main.c:260:6:SystemClock_Config	88	static
../Core/Src/main.c:299:13:MX_I2C1_Init	8	static
../Core/Src/main.c:331:13:MX_TIM1_Init	96	static
../Core/Src/main.c:401:13:MX_TIM2_Init	56	static
../Core/Src/main.c:448:13:MX_TIM3_Init	32	static
../Core/Src/main.c:493:13:MX_TIM4_Init	56	static
../Core/Src/main.c:540:13:MX_TIM8_Init	96	static
../Core/Src/main.c:614:13:MX_USART3_UART_Init	8	static
../Core/Src/main.c:645:13:MX_GPIO_Init	48	static
../Core/Src/main.c:694:6:HAL_UART_RxCpltCallback	56	static
../Core/Src/main.c:720:6:delay	16	static
../Core/Src/main.c:726:6:HCSR04_Read	8	static
../Core/Src/main.c:738:6:HAL_TIM_IC_CaptureCallback	16	static
../Core/Src/main.c:775:6:task2A	136	static
../Core/Src/main.c:903:6:task2A2	136	static
../Core/Src/main.c:1136:6:task2A2L	136	static
../Core/Src/main.c:1364:6:moveUltra	192	static
../Core/Src/main.c:1536:6:moveUltraEnd	192	static
../Core/Src/main.c:1708:6:moveUltraEndLeft	192	static
../Core/Src/main.c:1881:6:moveUltraExtreme	192	static
../Core/Src/main.c:2055:6:sendToRPI	16	static
../Core/Src/main.c:2061:6:moveGyroPID	216	static
../Core/Src/main.c:2374:6:moveGyroPIDOld	208	static
../Core/Src/main.c:2606:6:move	200	static
../Core/Src/main.c:2810:6:bLeft90	32	static
../Core/Src/main.c:2885:6:bRight90	32	static
../Core/Src/main.c:2958:6:left90	32	static
../Core/Src/main.c:3030:6:right90	32	static
../Core/Src/main.c:3104:6:turn	56	static
../Core/Src/main.c:3358:6:spotTurn	56	static
../Core/Src/main.c:3543:6:readByte	24	static
../Core/Src/main.c:3550:6:writeByte	24	static
../Core/Src/main.c:3556:6:gyroStart	8	static
../Core/Src/main.c:3564:6:gyroInit	8	static
../Core/Src/main.c:3596:6:StartDefaultTask	72	static
../Core/Src/main.c:3753:6:oled_show	16	static
../Core/Src/main.c:3770:6:gyro_read	80	static
../Core/Src/main.c:3841:6:servoMotor	40	static
../Core/Src/main.c:3868:6:Error_Handler	4	static,ignoring_inline_asm
