../Core/Src/main.c:169:5:main	8	static
../Core/Src/main.c:263:6:SystemClock_Config	88	static
../Core/Src/main.c:302:13:MX_I2C1_Init	8	static
../Core/Src/main.c:334:13:MX_TIM1_Init	96	static
../Core/Src/main.c:404:13:MX_TIM2_Init	56	static
../Core/Src/main.c:451:13:MX_TIM3_Init	32	static
../Core/Src/main.c:496:13:MX_TIM4_Init	56	static
../Core/Src/main.c:543:13:MX_TIM8_Init	96	static
../Core/Src/main.c:617:13:MX_USART3_UART_Init	8	static
../Core/Src/main.c:648:13:MX_GPIO_Init	48	static
../Core/Src/main.c:697:6:HAL_UART_RxCpltCallback	48	static
../Core/Src/main.c:724:6:delay	16	static
../Core/Src/main.c:730:6:HCSR04_Read	8	static
../Core/Src/main.c:742:6:HAL_TIM_IC_CaptureCallback	16	static
../Core/Src/main.c:783:6:task2A	136	static
../Core/Src/main.c:930:6:task2A2	136	static
../Core/Src/main.c:1163:6:task2A2L	136	static
../Core/Src/main.c:1391:6:moveUltra	192	static
../Core/Src/main.c:1586:6:moveUltraEnd	192	static
../Core/Src/main.c:1758:6:moveUltraEndLeft	192	static
../Core/Src/main.c:1931:6:moveUltraExtreme	192	static
../Core/Src/main.c:2105:6:sendToRPI	16	static
../Core/Src/main.c:2111:6:moveGyroPID	216	static
../Core/Src/main.c:2428:6:moveGyroPIDOld	208	static
../Core/Src/main.c:2660:6:move	200	static
../Core/Src/main.c:2864:6:bLeft90	32	static
../Core/Src/main.c:2939:6:bRight90	32	static
../Core/Src/main.c:3013:6:left90	32	static
../Core/Src/main.c:3086:6:right90	32	static
../Core/Src/main.c:3160:6:turn	56	static
../Core/Src/main.c:3414:6:testUltrasonic	32	static
../Core/Src/main.c:3430:6:spotTurn	56	static
../Core/Src/main.c:3615:6:readByte	24	static
../Core/Src/main.c:3622:6:writeByte	24	static
../Core/Src/main.c:3628:6:gyroStart	8	static
../Core/Src/main.c:3636:6:gyroInit	8	static
../Core/Src/main.c:3668:6:StartDefaultTask	72	static
../Core/Src/main.c:3842:6:oled_show	16	static
../Core/Src/main.c:3859:6:gyro_read	80	static
../Core/Src/main.c:3930:6:servoMotor	40	static
../Core/Src/main.c:3957:6:Error_Handler	4	static,ignoring_inline_asm
