../Core/Src/main.c:169:5:main	8	static
../Core/Src/main.c:263:6:SystemClock_Config	88	static
../Core/Src/main.c:302:13:MX_I2C1_Init	8	static
../Core/Src/main.c:334:13:MX_TIM1_Init	96	static
../Core/Src/main.c:404:13:MX_TIM2_Init	56	static
../Core/Src/main.c:451:13:MX_TIM3_Init	32	static
../Core/Src/main.c:496:13:MX_TIM4_Init	56	static
../Core/Src/main.c:543:13:MX_TIM8_Init	96	static
../Core/Src/main.c:617:13:MX_USART3_UART_Init	8	static
../Core/Src/main.c:648:13:MX_GPIO_Init	48	static
../Core/Src/main.c:697:6:HAL_UART_RxCpltCallback	56	static
../Core/Src/main.c:723:6:delay	16	static
../Core/Src/main.c:729:6:HCSR04_Read	8	static
../Core/Src/main.c:741:6:HAL_TIM_IC_CaptureCallback	16	static
../Core/Src/main.c:778:6:task2A	136	static
../Core/Src/main.c:906:6:task2A2	136	static
../Core/Src/main.c:1139:6:task2A2L	136	static
../Core/Src/main.c:1367:6:secObstL	8	static
../Core/Src/main.c:1424:6:secObstR	8	static
../Core/Src/main.c:1450:6:moveUltra	192	static
../Core/Src/main.c:1659:6:parkingMoveUltra	192	static
../Core/Src/main.c:1858:6:tooClose	192	static
../Core/Src/main.c:2062:6:moveUltraEnd	192	static
../Core/Src/main.c:2234:6:moveUltraEndLeft	192	static
../Core/Src/main.c:2407:6:moveUltraExtreme	192	static
../Core/Src/main.c:2581:6:sendToRPI	16	static
../Core/Src/main.c:2586:6:moveGyroPID	216	static
../Core/Src/main.c:2905:6:moveGyroPIDFast	216	static
../Core/Src/main.c:3224:6:moveGyroPIDOld	208	static
../Core/Src/main.c:3456:6:move	200	static
../Core/Src/main.c:3660:6:bLeft90	32	static
../Core/Src/main.c:3735:6:bRight90	32	static
../Core/Src/main.c:3808:6:left90	32	static
../Core/Src/main.c:3875:6:goRoundObsticleL	32	static
../Core/Src/main.c:4013:6:goRoundObsticleR	32	static
../Core/Src/main.c:4151:6:right90	32	static
../Core/Src/main.c:4219:6:turn	56	static
../Core/Src/main.c:4473:6:spotTurn	56	static
../Core/Src/main.c:4658:6:readByte	24	static
../Core/Src/main.c:4665:6:writeByte	24	static
../Core/Src/main.c:4671:6:gyroStart	8	static
../Core/Src/main.c:4679:6:gyroInit	8	static
../Core/Src/main.c:4711:6:StartDefaultTask	72	static
../Core/Src/main.c:4860:6:oled_show	16	static
../Core/Src/main.c:4877:6:gyro_read	80	static
../Core/Src/main.c:4948:6:servoMotor	40	static
../Core/Src/main.c:4975:6:Error_Handler	4	static,ignoring_inline_asm
